   with-engine: 343,920 plies/hour  1,280.0 games/hour
Traceback (most recent call last):
  File "C:\Users\tahae\OneDrive\Desktop\BrewZero\benchmarks\bench_selfplay.py", line 66, in <module>
    main()
    ~~~~^^
  File "C:\Users\tahae\OneDrive\Desktop\BrewZero\benchmarks\bench_selfplay.py", line 47, in main
    trajs = play_games(
        net, cfg["rl"], pool, n_games=cfg["selfplay"]["games_per_iteration"],
    ...<3 lines>...
        use_sf_head=False, threads=cfg["selfplay"]["threads"],
    )
  File "C:\Users\tahae\OneDrive\Desktop\BrewZero\selfplay\selfplay.py", line 264, in play_games
    list(ex.map(_one, range(n_games)))
    ~~~~^^^^^^^^^^^^^^^^^^^^^^^^^^^^^^
  File "C:\Users\tahae\AppData\Local\Python\pythoncore-3.14-64\Lib\concurrent\futures\_base.py", line 645, in result_iterator
    yield _result_or_cancel(fs.pop())
          ~~~~~~~~~~~~~~~~~^^^^^^^^^^
  File "C:\Users\tahae\AppData\Local\Python\pythoncore-3.14-64\Lib\concurrent\futures\_base.py", line 312, in _result_or_cancel
    return fut.result(timeout)
           ~~~~~~~~~~^^^^^^^^^
  File "C:\Users\tahae\AppData\Local\Python\pythoncore-3.14-64\Lib\concurrent\futures\_base.py", line 454, in result
    return self.__get_result()
           ~~~~~~~~~~~~~~~~~^^
  File "C:\Users\tahae\AppData\Local\Python\pythoncore-3.14-64\Lib\concurrent\futures\_base.py", line 396, in __get_result
    raise self._exception
  File "C:\Users\tahae\AppData\Local\Python\pythoncore-3.14-64\Lib\concurrent\futures\thread.py", line 86, in run
    result = ctx.run(self.task)
  File "C:\Users\tahae\AppData\Local\Python\pythoncore-3.14-64\Lib\concurrent\futures\thread.py", line 73, in run
    return fn(*args, **kwargs)
  File "C:\Users\tahae\OneDrive\Desktop\BrewZero\selfplay\selfplay.py", line 253, in _one
    traj = play_single_game(
        net, rl, pool, engine_depth, max_plies, temperature,
        device, rng, use_sf_head,
    )
  File "C:\Users\tahae\OneDrive\Desktop\BrewZero\selfplay\selfplay.py", line 164, in play_single_game
    _finalize(steps[pending_idx], s_prev, -s_stm, rl)
                                          ^^^^^^
TypeError: bad operand type for unary -: 'NoneType'
